<?xml version="1.0" encoding="UTF-8" standalone="no"?>
<config_selected_rules xmlns:rc="RULECHECKER">
  <rc:ruleCheckerVersion>5.0.1.201712191528</rc:ruleCheckerVersion>
  <rc:executionDate>Sun Aug 12 12:39:31 ICT 2018</rc:executionDate>
  <hb:Rule ParameterSource="RULE_CHECKER" UID="TST_00001"/>
  <hb:Rule ParameterSource="RULE_CHECKER" UID="TST_00002"/>
  <hb:Rule ParameterSource="RULE_CHECKER" UID="UTI_00001"/>
  <hb:Rule ParameterSource="RULE_CHECKER" UID="APK_00022"/>
</config_selected_rules>
